<html>
<body>
<pre>
<h1>礦ision Build Log</h1>
<h2>Project:</h2>
E:\360云盘\项目\mini RC522模块 SPI(0006)\程序\Nano100参考程序\START_KIT.uvproj
Project File Date:  09/15/2013

<h2>Output:</h2>
Rebuild target 'Start_Kit'
Clean started - Project: 'START_KIT'
   deleting intermediate output files for target 'Start_Kit'
assembling startup_nano1xx.s...
creating preprocessor file for nano1xx_sys.c...
compiling nano1xx_sys.c...
creating preprocessor file for nano1xx_gpio.c...
compiling nano1xx_gpio.c...
creating preprocessor file for nano1xx_isr.c...
compiling nano1xx_isr.c...
creating preprocessor file for nano1xx_spi.c...
compiling nano1xx_spi.c...
creating preprocessor file for nano1xx_i2c.c...
compiling nano1xx_i2c.c...
creating preprocessor file for nano1xx_adc.c...
compiling nano1xx_adc.c...
creating preprocessor file for nano1xx_retarget.c...
compiling nano1xx_retarget.c...
creating preprocessor file for system_nano1xx.c...
compiling system_nano1xx.c...
creating preprocessor file for main.c...
compiling main.c...
creating preprocessor file for ht1621.c...
compiling ht1621.c...
creating preprocessor file for RC522.C...
compiling RC522.C...
creating preprocessor file for public.c...
compiling public.c...
linking...
Program Size: Code=5196 RO-data=224 RW-data=76 ZI-data=1644  
".\obj\START_KIT.axf" - 0 Errors, 0 Warning(s).

*** Performing Cross-Module-Optimization:
compiling nano1xx_sys.c...
compiling nano1xx_gpio.c...
compiling nano1xx_isr.c...
compiling nano1xx_spi.c...
compiling nano1xx_i2c.c...
compiling nano1xx_adc.c...
compiling nano1xx_retarget.c...
compiling system_nano1xx.c...
compiling main.c...
compiling ht1621.c...
compiling RC522.C...
compiling public.c...
linking...
Program Size: Code=5196 RO-data=224 RW-data=76 ZI-data=1644  
After Build - User command #1: fromelf --bin ".\obj\START_KIT.axf" --output ".\obj\START_KIT.bin"
After Build - User command #2: fromelf --text -c ".\obj\START_KIT.axf" --output ".\obj\START_KIT.txt"
".\obj\START_KIT.axf" - 0 Errors, 0 Warning(s).
*** Completed Cross-Module-Optimization after 2 iteration(s).
