<html>
<body>
<pre>
<h1>礦ision Build Log</h1>
<h2>Project:</h2>
E:\360云盘\项目\RC522模块 SPI(0001)\资料\STM32参考程序\MDK-ARM\Project.uvproj
Project File Date:  05/29/2014

<h2>Output:</h2>
Rebuild target 'STM32100E-EVAL'
compiling RC522.C...
compiling main.c...
compiling stm32f10x_it.c...
compiling stm32f10x_rcc.c...
compiling stm32f10x_gpio.c...
compiling core_cm3.c...
compiling system_stm32f10x.c...
assembling startup_stm32f10x_md.s...
linking...
Program Size: Code=2604 RO-data=252 RW-data=0 ZI-data=1024  
".\STM32100E-EVAL\STM32100E-EVAL.axf" - 0 Errors, 0 Warning(s).
